[backblue.gif]
[fade.gif]
[index.html]
[cdnjs.cloudflare.com/ajax/libs/font-awesome/4.7.0/css/font-awesome.min.css]
[cdnjs.cloudflare.com/ajax/libs/uikit/2.27.4/css/uikit.min.css]
[cdnjs.cloudflare.com/ajax/libs/uikit/2.27.4/css/components/slideshow.min.css]
[cdnjs.cloudflare.com/ajax/libs/uikit/2.27.4/css/components/slidenav.min.css]
[cdnjs.cloudflare.com/ajax/libs/uikit/2.27.4/css/components/dotnav.min.css]
[cdnjs.cloudflare.com/ajax/libs/uikit/2.27.4/css/components/slider.min.css]
[petrovsky.dwteh.ru/frontend/web/img/logo-header.png]
[petrovsky.dwteh.ru/frontend/web/img/logo-header-mobile.png]
[petrovsky.dwteh.ru/file/image69fb.png]
[petrovsky.dwteh.ru/file/imageaaa3.png]
[petrovsky.dwteh.ru/file/image1079.png]
[petrovsky.dwteh.ru/file/image61ce.png]
[petrovsky.dwteh.ru/file/image8c7b.png]
[petrovsky.dwteh.ru/file/image3ea8.png]
[petrovsky.dwteh.ru/file/image94ce.png]
[petrovsky.dwteh.ru/file/imagecce6.png]
[petrovsky.dwteh.ru/file/image7251.jpg]
[petrovsky.dwteh.ru/file/image6987.jpg]
[petrovsky.dwteh.ru/file/image845b.jpg]
[petrovsky.dwteh.ru/file/imagec063.jpg]
[petrovsky.dwteh.ru/file/image8b33.jpg]
[petrovsky.dwteh.ru/file/image9b52.jpg]
[petrovsky.dwteh.ru/file/image2489.jpg]
[petrovsky.dwteh.ru/file/image4f91.jpg]
[petrovsky.dwteh.ru/file/image9fd1.jpg]
[petrovsky.dwteh.ru/file/image3fbc.jpg]
[petrovsky.dwteh.ru/file/image75d2.jpg]
[petrovsky.dwteh.ru/file/image9e60.jpg]
[petrovsky.dwteh.ru/file/image3b72.jpg]
[petrovsky.dwteh.ru/file/imagedec0.jpg]
[petrovsky.dwteh.ru/file/image43d3.jpg]
[petrovsky.dwteh.ru/file/image4472.jpg]
[petrovsky.dwteh.ru/file/image00ae.jpg]
[petrovsky.dwteh.ru/file/imagefe6e.jpg]
[petrovsky.dwteh.ru/file/imagee271.jpg]
[petrovsky.dwteh.ru/file/image8aeb.jpg]
[petrovsky.dwteh.ru/file/image148d.jpg]
[petrovsky.dwteh.ru/file/imagec363.jpg]
[petrovsky.dwteh.ru/file/imageec28.jpg]
[petrovsky.dwteh.ru/file/imaged89e.jpg]
[ajax.googleapis.com/ajax/libs/jquery/3.2.1/jquery.min.js]
[petrovsky.dwteh.ru/assets/5ea7b6ca/jquery.js]
[petrovsky.dwteh.ru/assets/7669369f/yii.js]
[petrovsky.dwteh.ru/assets/7669369f/yii.validation.js]
[petrovsky.dwteh.ru/assets/7669369f/yii.activeForm.js]
[petrovsky.dwteh.ru/js/uikit.min.js]
[cdnjs.cloudflare.com/ajax/libs/uikit/2.27.4/js/components/slideshow.min.js]
[cdnjs.cloudflare.com/ajax/libs/uikit/2.27.4/js/components/slideshow-fx.min.js]
[cdnjs.cloudflare.com/ajax/libs/uikit/2.27.4/js/components/slider.min.js]
[cdnjs.cloudflare.com/ajax/libs/uikit/2.27.4/js/components/lightbox.min.js]
[petrovsky.dwteh.ru/js/jquery.slimscroll.min.js]
[petrovsky.dwteh.ru/js/app.min.js]
[petrovsky.dwteh.ru/frontend/web/img/icon-map.png]
[petrovsky.dwteh.ru/index.html]
[cdnjs.cloudflare.com/ajax/libs/font-awesome/4.7.0/css/font-awesome.min.css]
[cdnjs.cloudflare.com/ajax/libs/uikit/2.27.4/css/uikit.min.css]
[cdnjs.cloudflare.com/ajax/libs/uikit/2.27.4/css/components/slideshow.min.css]
[cdnjs.cloudflare.com/ajax/libs/uikit/2.27.4/css/components/slidenav.min.css]
[cdnjs.cloudflare.com/ajax/libs/uikit/2.27.4/css/components/dotnav.min.css]
[cdnjs.cloudflare.com/ajax/libs/uikit/2.27.4/css/components/slider.min.css]
[petrovsky.dwteh.ru/img/bg-body.jpg]
[petrovsky.dwteh.ru/css/style.minb0af.css]
[petrovsky.dwteh.ru/css/responsive.minb0af.css]
[petrovsky.dwteh.ru/about.html]
[petrovsky.dwteh.ru/kvartiry.html]
[petrovsky.dwteh.ru/articles.html]
[petrovsky.dwteh.ru/documents.html]
[petrovsky.dwteh.ru/contacts.html]
[petrovsky.dwteh.ru/site/index.html]
[petrovsky.dwteh.ru/file/imaged790.png]
[petrovsky.dwteh.ru/file/imagea74f.png]
[petrovsky.dwteh.ru/file/imagedec4.png]
[petrovsky.dwteh.ru/file/image3340.png]
[petrovsky.dwteh.ru/file/image22ec.png]
[petrovsky.dwteh.ru/hypothec.html]
[petrovsky.dwteh.ru/file/image9fd1.jpg]
[petrovsky.dwteh.ru/file/image3b72.jpg]
[petrovsky.dwteh.ru/file/image43d3.jpg]
[petrovsky.dwteh.ru/photos.html]
[petrovsky.dwteh.ru/fonts/subset-MetaPro-Normal.eot]
[petrovsky.dwteh.ru/fonts/subset-MetaPro-Normald41d.eot]
[petrovsky.dwteh.ru/fonts/subset-MetaPro-Normal.woff2]
[petrovsky.dwteh.ru/fonts/subset-MetaPro-Normal.woff]
[petrovsky.dwteh.ru/fonts/subset-MetaPro-Normal.ttf]
[petrovsky.dwteh.ru/fonts/subset-MetaPro-Medium.eot]
[petrovsky.dwteh.ru/fonts/subset-MetaPro-Medium.woff2]
[petrovsky.dwteh.ru/fonts/subset-MetaPro-Mediumd41d.eot]
[petrovsky.dwteh.ru/fonts/subset-MetaPro-Medium.woff]
[petrovsky.dwteh.ru/fonts/subset-MetaPro-Medium.ttf]
[petrovsky.dwteh.ru/fonts/subset-MetaPro-Bold.eot]
[petrovsky.dwteh.ru/fonts/subset-MetaPro-Bold.woff2]
[petrovsky.dwteh.ru/fonts/subset-MetaPro-Boldd41d.eot]
[petrovsky.dwteh.ru/fonts/subset-MetaPro-Bold.woff]
[petrovsky.dwteh.ru/fonts/subset-MetaPro-Bold.ttf]
[petrovsky.dwteh.ru/fonts/subset-MetaPro-Black.eot]
[petrovsky.dwteh.ru/fonts/subset-MetaPro-Black.woff2]
[petrovsky.dwteh.ru/fonts/subset-MetaPro-Blackd41d.eot]
[petrovsky.dwteh.ru/fonts/subset-MetaPro-Black.woff]
[petrovsky.dwteh.ru/fonts/subset-MetaPro-Black.ttf]
[petrovsky.dwteh.ru/fonts/subset-MetaPro-Book.eot]
[petrovsky.dwteh.ru/fonts/subset-MetaPro-Book.woff2]
[petrovsky.dwteh.ru/fonts/subset-MetaPro-Bookd41d.eot]
[petrovsky.dwteh.ru/fonts/subset-MetaPro-Book.woff]
[petrovsky.dwteh.ru/fonts/subset-MetaPro-Book.ttf]
[petrovsky.dwteh.ru/fonts/subset-MetaPro-NormalItalic.eot]
[petrovsky.dwteh.ru/fonts/subset-MetaPro-NormalItalic.woff2]
[petrovsky.dwteh.ru/fonts/subset-MetaPro-NormalItalicd41d.eot]
[petrovsky.dwteh.ru/fonts/subset-MetaPro-NormalItalic.woff]
[petrovsky.dwteh.ru/fonts/subset-MetaPro-NormalItalic.ttf]
[petrovsky.dwteh.ru/fonts/subset-MetaPro-MediumItalic.eot]
[petrovsky.dwteh.ru/fonts/subset-MetaPro-MediumItalic.woff2]
[petrovsky.dwteh.ru/fonts/subset-MetaPro-MediumItalic.woff]
[petrovsky.dwteh.ru/fonts/subset-MetaPro-MediumItalicd41d.eot]
[petrovsky.dwteh.ru/fonts/subset-MetaPro-MediumItalic.ttf]
[petrovsky.dwteh.ru/fonts/subset-MetaPro-BoldItalic.eot]
[petrovsky.dwteh.ru/fonts/subset-MetaPro-BoldItalic.woff2]
[petrovsky.dwteh.ru/fonts/subset-MetaPro-BoldItalicd41d.eot]
[petrovsky.dwteh.ru/fonts/subset-MetaPro-BoldItalic.woff]
[petrovsky.dwteh.ru/fonts/subset-MetaPro-BoldItalic.ttf]
[petrovsky.dwteh.ru/fonts/subset-MetaPro-BlackItalic.eot]
[petrovsky.dwteh.ru/fonts/subset-MetaPro-BlackItalic.woff2]
[petrovsky.dwteh.ru/fonts/subset-MetaPro-BlackItalicd41d.eot]
[petrovsky.dwteh.ru/fonts/subset-MetaPro-BlackItalic.woff]
[petrovsky.dwteh.ru/fonts/subset-MetaPro-BlackItalic.ttf]
[petrovsky.dwteh.ru/fonts/subset-MetaPro-BookItalic.eot]
[petrovsky.dwteh.ru/fonts/subset-MetaPro-BookItalic.woff2]
[petrovsky.dwteh.ru/fonts/subset-MetaPro-BookItalicd41d.eot]
[petrovsky.dwteh.ru/fonts/subset-MetaPro-BookItalic.woff]
[petrovsky.dwteh.ru/fonts/subset-MetaPro-BookItalic.ttf]
[petrovsky.dwteh.ru/fonts/stylesheet.css]
[petrovsky.dwteh.ru/css/uk.min.css]
[petrovsky.dwteh.ru/img/bg-body.jpg]
[petrovsky.dwteh.ru/page/index.html]
[petrovsky.dwteh.ru/article/index.html]
[petrovsky.dwteh.ru/articles/rasskaz-o-uridiceskoj-cistote-kvartiry.html]
[petrovsky.dwteh.ru/file/image6e99.html]
[petrovsky.dwteh.ru/articles/kak-vybrat-horosego-rieltora-dla-pokupki-kvartiry.html]
[petrovsky.dwteh.ru/file/image17c3.html]
[petrovsky.dwteh.ru/articles/kak-sorientirovatsa-v-cenah.html]
[petrovsky.dwteh.ru/file/image6530.html]
[petrovsky.dwteh.ru/articles/kak-vzat-ipoteku.html]
[petrovsky.dwteh.ru/file/image29c5.html]
[petrovsky.dwteh.ru/articles/zadat-vopros-uristu.html]
[petrovsky.dwteh.ru/file/image43a8.html]
[petrovsky.dwteh.ru/articles/kazdaa-pataa-kuplennaa-kvartira-v-2016-godu-otnosilos-k-klassu-biznes.html]
[petrovsky.dwteh.ru/file/imageb343.html]
[petrovsky.dwteh.ru/articles/kazdaa-pataa-kuplennaa-kvartira-v-2016-godu-otnosilos-k-klassu-biznes-2.html]
[petrovsky.dwteh.ru/file/image9eb0.html]
[petrovsky.dwteh.ru/articles/kazdaa-pataa-kuplennaa-kvartira-v-2016-godu-otnosilos-k-klassu-biznes-3.html]
[petrovsky.dwteh.ru/file/image1009.html]
[petrovsky.dwteh.ru/articles/kazdaa-pataa-kuplennaa-kvartira-v-2016-godu-otnosilos-k-klassu-biznes-4.html]
[petrovsky.dwteh.ru/file/imagefcd6.html]
[petrovsky.dwteh.ru/storage/web/source/uploads/document/pdf.html]
[petrovsky.dwteh.ru/storage/web/source/uploads/document/pdf2.html]
[petrovsky.dwteh.ru/storage/web/source/uploads/document/pdf1.html]
[petrovsky.dwteh.ru/storage/web/source/uploads/document/doc.html]
[petrovsky.dwteh.ru/site.html]
[petrovsky.dwteh.ru/file/image9fd1.jpg]
[petrovsky.dwteh.ru/file/image3b72.jpg]
[petrovsky.dwteh.ru/page.html]
[petrovsky.dwteh.ru/article.html]
[petrovsky.dwteh.ru/file/image3bbe.html]
[petrovsky.dwteh.ru/file/imagea2e9.html]
[petrovsky.dwteh.ru/file/image745f.html]
[petrovsky.dwteh.ru/file/imageb132.html]
[petrovsky.dwteh.ru/file/image05a1.html]
[petrovsky.dwteh.ru/file/imageb180.html]
[petrovsky.dwteh.ru/file/image85e5.html]
[petrovsky.dwteh.ru/file/image7014.html]
[petrovsky.dwteh.ru/file/image5e87.html]
[petrovsky.dwteh.ru/img/bg-body.jpg]
